Error processing folder 15: 'bd_col'
Error processing folder 6: 'bd_col'
Error processing folder 1: 'bd_col'
Error processing folder 10: 'bd_col'
Error processing folder 9: 'bd_col'
Error processing folder 7: 'bd_col'
Error processing folder 8: 'bd_col'
Error processing folder 3: 'bd_col'
Error processing folder 14: 'bd_col'
Error processing folder 11: 'bd_col'
Error processing folder 13: 'bd_col'
Error processing folder 4: 'bd_col'
Error processing folder 2: 'bd_col'
Error processing folder 5: 'bd_col'
Error processing folder 12: 'bd_col'
Error processing folder 16: 'bd_col'
Error processing folder 17: 'bd_col'
Error processing folder 29: 'bd_col'
Error processing folder 18: 'bd_col'
Error processing folder 25: 'bd_col'
Error processing folder 22: 'bd_col'
Error processing folder 27: 'bd_col'
Error processing folder 20: 'bd_col'
Error processing folder 24: 'bd_col'
Error processing folder 26: 'bd_col'
Error processing folder 19: 'bd_col'
Error processing folder 23: 'bd_col'
Error processing folder 32: 'bd_col'
Error processing folder 21: 'bd_col'
Error processing folder 31: 'bd_col'
Error processing folder 28: 'bd_col'
Error processing folder 30: 'bd_col'
Error processing folder 33: 'bd_col'
Error processing folder 34: 'bd_col'
Error processing folder 38: 'bd_col'
Error processing folder 35: 'bd_col'
Error processing folder 36: 'bd_col'
Error processing folder 37: 'bd_col'
Error processing folder 39: 'bd_col'
Error processing folder 41: 'bd_col'
Error processing folder 40: 'bd_col'
Error processing folder 44: 'bd_col'
Error processing folder 42: 'bd_col'
Error processing folder 46: 'bd_col'
Error processing folder 45: 'bd_col'
Error processing folder 47: 'bd_col'
Error processing folder 43: 'bd_col'
Error processing folder 48: 'bd_col'
Error processing folder 49: 'bd_col'
Error processing folder 52: 'bd_col'
Error processing folder 51: 'bd_col'
Error processing folder 50: 'bd_col'
Error processing folder 54: 'bd_col'
Error processing folder 55: 'bd_col'
Error processing folder 53: 'bd_col'
Error processing folder 57: 'bd_col'
Error processing folder 58: 'bd_col'
Error processing folder 61: 'bd_col'
Error processing folder 59: 'bd_col'
Error processing folder 63: 'bd_col'
Error processing folder 56: 'bd_col'
Error processing folder 60: 'bd_col'
Error processing folder 62: 'bd_col'
Error processing folder 64: 'bd_col'
Error processing folder 66: 'bd_col'
Error processing folder 65: 'bd_col'
Error processing folder 67: 'bd_col'
Error processing folder 68: 'bd_col'
Error processing folder 69: 'bd_col'
Error processing folder 71: 'bd_col'
Error processing folder 70: 'bd_col'
Error processing folder 72: 'bd_col'
Error processing folder 73: 'bd_col'
Error processing folder 77: 'bd_col'
Error processing folder 74: 'bd_col'
Error processing folder 75: 'bd_col'
Error processing folder 76: 'bd_col'
Error processing folder 78: 'bd_col'
Error processing folder 79: 'bd_col'
Error processing folder 80: 'bd_col'
Error processing folder 81: 'bd_col'
Error processing folder 82: 'bd_col'
Error processing folder 83: 'bd_col'
Error processing folder 84: 'bd_col'
Error processing folder 86: 'bd_col'
Error processing folder 85: 'bd_col'
Error processing folder 87: 'bd_col'
Error processing folder 88: 'bd_col'
Error processing folder 89: 'bd_col'
Error processing folder 90: 'bd_col'
Error processing folder 91: 'bd_col'
Error processing folder 92: 'bd_col'
Error processing folder 93: 'bd_col'
Error processing folder 94: 'bd_col'
Error processing folder 95: 'bd_col'
Error processing folder 96: 'bd_col'
Error processing folder 97: 'bd_col'
Error processing folder 98: 'bd_col'
Error processing folder 99: 'bd_col'
Traceback (most recent call last):
  File "/autofs/nccsopen-svm1_home/ywo/Git/erw_scripts/ensemble_UIEF_analysis.py", line 203, in <module>
    df.to_csv(os.path.join(os.environ['PORJIDR'], 'ERW_LDRD', 'results', 'ensemble_UIEF_rmse.csv'))
                           ~~~~~~~~~~^^^^^^^^^^^
  File "<frozen os>", line 679, in __getitem__
KeyError: 'PORJIDR'
